     1                                  ;Given a lower case string of bytes obtain the corresponding upper case string
     2                                  bits 32 
     3                                  global start        
     4                                  extern exit; tell nasm that exit exists even if we won't be defining it
     5                                  import exit msvcrt.dll ; exit is a function that ends the calling process. It is defined in msvcrt.dll
     6                                  ; msvcrt.dll contains exit, printf and all the other important C-runtime specific functions
     7                                  ; our data is declared here (the variables needed by our program)
     8                                  segment data use32 class=data
     9 00000000 6162636D6E              	s db 'a', 'b', 'c', 'm','n' ; declare the string of bytes
    10                                  	l equ $-s ; compute the length of the string in l
    11 00000005 00<rept>                	d times l db 0 ; reserve l bytes for the destination string and initialize it
    12                                  segment code use32 class=code
    13                                  start:
    14 00000000 B905000000              	mov ecx, l ; we put the length l in ECX in order to make the loop
    15 00000005 BE00000000              	mov esi, 0     
    16 0000000A E313                    	jecxz Sfarsit      
    17                                  	Repeta:
    18 0000000C 8A86[00000000]          		mov al, [s+esi]
    19 00000012 B320                    		mov bl, 'a'-'A' ; in order to obtain the corresponding upper case letter, we will decrease the ASCII CODE
    20                                  		; of 'a'-'A' from the lower case letter AL
    21 00000014 28D8                    		sub al, bl             
    22 00000016 8886[05000000]          		mov [d+esi], al    
    23 0000001C 46                      		inc esi
    24 0000001D E2ED                    	loop Repeta
    25                                  	Sfarsit:;end of the program
    26                                  
    27                                  	; exit(0)
    28 0000001F 6A00                    	push dword 0 ; push the parameter for exit onto the stack
    29 00000021 FF15[00000000]          	call [exit] ; call exit to terminate the program
