     1                                  ;a - byte, b - word, c - double word, d - qword - Unsigned representation
     2                                  ;(d-c)+(b-a)-(b+b+b)
     3                                  bits 32
     4                                  
     5                                  global start
     6                                  
     7                                  extern exit
     8                                  
     9                                  import exit msvcrt.dll
    10                                  
    11                                  segment data use32 class=data
    12 00000000 0A                          a db 10
    13 00000001 3200                        b dw 50
    14 00000003 90010000                    c dd 400
    15 00000007 F401000000000000            d dq 500
    16                                  
    17                                  segment code use32 class=code
    18                                  start:
    19 00000000 B800000000                  mov EAX, 0
    20 00000005 BA00000000                  mov EDX, 0
    21 0000000A A1[07000000]                mov EAX, [d]
    22 0000000F 8B15[0B000000]              mov EDX, [d + 4] ;EDX:EAX = d
    23 00000015 8B1D[03000000]              mov EBX, [c]
    24 0000001B B900000000                  mov ECX, 0 ;ECX:EBX = c
    25 00000020 29D8                        sub EAX, EBX
    26 00000022 19CA                        sbb EDX, ECX ;EDX:EAX = d - b
    27                                      
    28                                  
    29                                      ;mov BX, [b]
    30                                      ;mov AH, 0
    31                                      ;mov AX, [a]
    32                                      ;cbw
    33                                      ;sub BX, AX ;BX = b - a
    34                                      
    35                                      ;mov AX, [b]
    36                                      ;add AX, [b]
    37                                      ;add AX, [b] ;AX = b + b + b
    38                                  
    39                                      
    40                                      
    41                                      
    42 00000024 6A00                        push dword 0
    43 00000026 FF15[00000000]              call [exit]
